// Jest Snapshot v1, https://goo.gl/fbAQLP

exports[`Testing Grid should Matches the snapshot 1`] = `
<div
  className="App"
>
  <div
    className="root"
    id="root"
  >
    <div
      className="row"
    >
      <div
        className="box"
        id="1-1"
        onPointerDown={[Function]}
        onPointerEnter={[Function]}
        onPointerUp={[Function]}
      />
      <div
        className="box"
        id="1-2"
        onPointerDown={[Function]}
        onPointerEnter={[Function]}
        onPointerUp={[Function]}
      />
      <div
        className="box"
        id="1-3"
        onPointerDown={[Function]}
        onPointerEnter={[Function]}
        onPointerUp={[Function]}
      />
      <div
        className="box"
        id="1-4"
        onPointerDown={[Function]}
        onPointerEnter={[Function]}
        onPointerUp={[Function]}
      />
      <div
        className="box"
        id="1-5"
        onPointerDown={[Function]}
        onPointerEnter={[Function]}
        onPointerUp={[Function]}
      />
      <div
        className="box"
        id="1-6"
        onPointerDown={[Function]}
        onPointerEnter={[Function]}
        onPointerUp={[Function]}
      />
    </div>
    <div
      className="row"
    >
      <div
        className="box"
        id="2-1"
        onPointerDown={[Function]}
        onPointerEnter={[Function]}
        onPointerUp={[Function]}
      />
      <div
        className="box"
        id="2-2"
        onPointerDown={[Function]}
        onPointerEnter={[Function]}
        onPointerUp={[Function]}
      />
      <div
        className="box"
        id="2-3"
        onPointerDown={[Function]}
        onPointerEnter={[Function]}
        onPointerUp={[Function]}
      />
      <div
        className="box"
        id="2-4"
        onPointerDown={[Function]}
        onPointerEnter={[Function]}
        onPointerUp={[Function]}
      />
      <div
        className="box"
        id="2-5"
        onPointerDown={[Function]}
        onPointerEnter={[Function]}
        onPointerUp={[Function]}
      />
      <div
        className="box"
        id="2-6"
        onPointerDown={[Function]}
        onPointerEnter={[Function]}
        onPointerUp={[Function]}
      />
    </div>
    <div
      className="row"
    >
      <div
        className="box"
        id="3-1"
        onPointerDown={[Function]}
        onPointerEnter={[Function]}
        onPointerUp={[Function]}
      />
      <div
        className="box"
        id="3-2"
        onPointerDown={[Function]}
        onPointerEnter={[Function]}
        onPointerUp={[Function]}
      />
      <div
        className="box"
        id="3-3"
        onPointerDown={[Function]}
        onPointerEnter={[Function]}
        onPointerUp={[Function]}
      />
      <div
        className="box"
        id="3-4"
        onPointerDown={[Function]}
        onPointerEnter={[Function]}
        onPointerUp={[Function]}
      />
      <div
        className="box"
        id="3-5"
        onPointerDown={[Function]}
        onPointerEnter={[Function]}
        onPointerUp={[Function]}
      />
      <div
        className="box"
        id="3-6"
        onPointerDown={[Function]}
        onPointerEnter={[Function]}
        onPointerUp={[Function]}
      />
    </div>
    <div
      className="row"
    >
      <div
        className="box"
        id="4-1"
        onPointerDown={[Function]}
        onPointerEnter={[Function]}
        onPointerUp={[Function]}
      />
      <div
        className="box"
        id="4-2"
        onPointerDown={[Function]}
        onPointerEnter={[Function]}
        onPointerUp={[Function]}
      />
      <div
        className="box"
        id="4-3"
        onPointerDown={[Function]}
        onPointerEnter={[Function]}
        onPointerUp={[Function]}
      />
      <div
        className="box"
        id="4-4"
        onPointerDown={[Function]}
        onPointerEnter={[Function]}
        onPointerUp={[Function]}
      />
      <div
        className="box"
        id="4-5"
        onPointerDown={[Function]}
        onPointerEnter={[Function]}
        onPointerUp={[Function]}
      />
      <div
        className="box"
        id="4-6"
        onPointerDown={[Function]}
        onPointerEnter={[Function]}
        onPointerUp={[Function]}
      />
    </div>
    <div
      className="row"
    >
      <div
        className="box"
        id="5-1"
        onPointerDown={[Function]}
        onPointerEnter={[Function]}
        onPointerUp={[Function]}
      />
      <div
        className="box"
        id="5-2"
        onPointerDown={[Function]}
        onPointerEnter={[Function]}
        onPointerUp={[Function]}
      />
      <div
        className="box"
        id="5-3"
        onPointerDown={[Function]}
        onPointerEnter={[Function]}
        onPointerUp={[Function]}
      />
      <div
        className="box"
        id="5-4"
        onPointerDown={[Function]}
        onPointerEnter={[Function]}
        onPointerUp={[Function]}
      />
      <div
        className="box"
        id="5-5"
        onPointerDown={[Function]}
        onPointerEnter={[Function]}
        onPointerUp={[Function]}
      />
      <div
        className="box"
        id="5-6"
        onPointerDown={[Function]}
        onPointerEnter={[Function]}
        onPointerUp={[Function]}
      />
    </div>
  </div>
</div>
`;

exports[`Testing Grid should matches the snapshot 1`] = `
<div
  className="App"
>
  <div
    className="root"
    id="root"
  >
    <div
      className="row"
    >
      <div
        className="box"
        id="1-1"
        onPointerDown={[Function]}
        onPointerEnter={[Function]}
        onPointerUp={[Function]}
      />
      <div
        className="box"
        id="1-2"
        onPointerDown={[Function]}
        onPointerEnter={[Function]}
        onPointerUp={[Function]}
      />
      <div
        className="box"
        id="1-3"
        onPointerDown={[Function]}
        onPointerEnter={[Function]}
        onPointerUp={[Function]}
      />
      <div
        className="box"
        id="1-4"
        onPointerDown={[Function]}
        onPointerEnter={[Function]}
        onPointerUp={[Function]}
      />
      <div
        className="box"
        id="1-5"
        onPointerDown={[Function]}
        onPointerEnter={[Function]}
        onPointerUp={[Function]}
      />
      <div
        className="box"
        id="1-6"
        onPointerDown={[Function]}
        onPointerEnter={[Function]}
        onPointerUp={[Function]}
      />
    </div>
    <div
      className="row"
    >
      <div
        className="box"
        id="2-1"
        onPointerDown={[Function]}
        onPointerEnter={[Function]}
        onPointerUp={[Function]}
      />
      <div
        className="box"
        id="2-2"
        onPointerDown={[Function]}
        onPointerEnter={[Function]}
        onPointerUp={[Function]}
      />
      <div
        className="box"
        id="2-3"
        onPointerDown={[Function]}
        onPointerEnter={[Function]}
        onPointerUp={[Function]}
      />
      <div
        className="box"
        id="2-4"
        onPointerDown={[Function]}
        onPointerEnter={[Function]}
        onPointerUp={[Function]}
      />
      <div
        className="box"
        id="2-5"
        onPointerDown={[Function]}
        onPointerEnter={[Function]}
        onPointerUp={[Function]}
      />
      <div
        className="box"
        id="2-6"
        onPointerDown={[Function]}
        onPointerEnter={[Function]}
        onPointerUp={[Function]}
      />
    </div>
    <div
      className="row"
    >
      <div
        className="box"
        id="3-1"
        onPointerDown={[Function]}
        onPointerEnter={[Function]}
        onPointerUp={[Function]}
      />
      <div
        className="box"
        id="3-2"
        onPointerDown={[Function]}
        onPointerEnter={[Function]}
        onPointerUp={[Function]}
      />
      <div
        className="box"
        id="3-3"
        onPointerDown={[Function]}
        onPointerEnter={[Function]}
        onPointerUp={[Function]}
      />
      <div
        className="box"
        id="3-4"
        onPointerDown={[Function]}
        onPointerEnter={[Function]}
        onPointerUp={[Function]}
      />
      <div
        className="box"
        id="3-5"
        onPointerDown={[Function]}
        onPointerEnter={[Function]}
        onPointerUp={[Function]}
      />
      <div
        className="box"
        id="3-6"
        onPointerDown={[Function]}
        onPointerEnter={[Function]}
        onPointerUp={[Function]}
      />
    </div>
    <div
      className="row"
    >
      <div
        className="box"
        id="4-1"
        onPointerDown={[Function]}
        onPointerEnter={[Function]}
        onPointerUp={[Function]}
      />
      <div
        className="box"
        id="4-2"
        onPointerDown={[Function]}
        onPointerEnter={[Function]}
        onPointerUp={[Function]}
      />
      <div
        className="box"
        id="4-3"
        onPointerDown={[Function]}
        onPointerEnter={[Function]}
        onPointerUp={[Function]}
      />
      <div
        className="box"
        id="4-4"
        onPointerDown={[Function]}
        onPointerEnter={[Function]}
        onPointerUp={[Function]}
      />
      <div
        className="box"
        id="4-5"
        onPointerDown={[Function]}
        onPointerEnter={[Function]}
        onPointerUp={[Function]}
      />
      <div
        className="box"
        id="4-6"
        onPointerDown={[Function]}
        onPointerEnter={[Function]}
        onPointerUp={[Function]}
      />
    </div>
    <div
      className="row"
    >
      <div
        className="box"
        id="5-1"
        onPointerDown={[Function]}
        onPointerEnter={[Function]}
        onPointerUp={[Function]}
      />
      <div
        className="box"
        id="5-2"
        onPointerDown={[Function]}
        onPointerEnter={[Function]}
        onPointerUp={[Function]}
      />
      <div
        className="box"
        id="5-3"
        onPointerDown={[Function]}
        onPointerEnter={[Function]}
        onPointerUp={[Function]}
      />
      <div
        className="box"
        id="5-4"
        onPointerDown={[Function]}
        onPointerEnter={[Function]}
        onPointerUp={[Function]}
      />
      <div
        className="box"
        id="5-5"
        onPointerDown={[Function]}
        onPointerEnter={[Function]}
        onPointerUp={[Function]}
      />
      <div
        className="box"
        id="5-6"
        onPointerDown={[Function]}
        onPointerEnter={[Function]}
        onPointerUp={[Function]}
      />
    </div>
  </div>
</div>
`;

exports[`Testing Grid should render grid 1`] = `
<div
  className="App"
>
  <div
    className="root"
    id="root"
  >
    <div
      className="row"
    >
      <div
        className="box"
        id="1-1"
        onPointerDown={[Function]}
        onPointerEnter={[Function]}
        onPointerUp={[Function]}
      />
      <div
        className="box"
        id="1-2"
        onPointerDown={[Function]}
        onPointerEnter={[Function]}
        onPointerUp={[Function]}
      />
      <div
        className="box"
        id="1-3"
        onPointerDown={[Function]}
        onPointerEnter={[Function]}
        onPointerUp={[Function]}
      />
      <div
        className="box"
        id="1-4"
        onPointerDown={[Function]}
        onPointerEnter={[Function]}
        onPointerUp={[Function]}
      />
      <div
        className="box"
        id="1-5"
        onPointerDown={[Function]}
        onPointerEnter={[Function]}
        onPointerUp={[Function]}
      />
      <div
        className="box"
        id="1-6"
        onPointerDown={[Function]}
        onPointerEnter={[Function]}
        onPointerUp={[Function]}
      />
    </div>
    <div
      className="row"
    >
      <div
        className="box"
        id="2-1"
        onPointerDown={[Function]}
        onPointerEnter={[Function]}
        onPointerUp={[Function]}
      />
      <div
        className="box"
        id="2-2"
        onPointerDown={[Function]}
        onPointerEnter={[Function]}
        onPointerUp={[Function]}
      />
      <div
        className="box"
        id="2-3"
        onPointerDown={[Function]}
        onPointerEnter={[Function]}
        onPointerUp={[Function]}
      />
      <div
        className="box"
        id="2-4"
        onPointerDown={[Function]}
        onPointerEnter={[Function]}
        onPointerUp={[Function]}
      />
      <div
        className="box"
        id="2-5"
        onPointerDown={[Function]}
        onPointerEnter={[Function]}
        onPointerUp={[Function]}
      />
      <div
        className="box"
        id="2-6"
        onPointerDown={[Function]}
        onPointerEnter={[Function]}
        onPointerUp={[Function]}
      />
    </div>
    <div
      className="row"
    >
      <div
        className="box"
        id="3-1"
        onPointerDown={[Function]}
        onPointerEnter={[Function]}
        onPointerUp={[Function]}
      />
      <div
        className="box"
        id="3-2"
        onPointerDown={[Function]}
        onPointerEnter={[Function]}
        onPointerUp={[Function]}
      />
      <div
        className="box"
        id="3-3"
        onPointerDown={[Function]}
        onPointerEnter={[Function]}
        onPointerUp={[Function]}
      />
      <div
        className="box"
        id="3-4"
        onPointerDown={[Function]}
        onPointerEnter={[Function]}
        onPointerUp={[Function]}
      />
      <div
        className="box"
        id="3-5"
        onPointerDown={[Function]}
        onPointerEnter={[Function]}
        onPointerUp={[Function]}
      />
      <div
        className="box"
        id="3-6"
        onPointerDown={[Function]}
        onPointerEnter={[Function]}
        onPointerUp={[Function]}
      />
    </div>
    <div
      className="row"
    >
      <div
        className="box"
        id="4-1"
        onPointerDown={[Function]}
        onPointerEnter={[Function]}
        onPointerUp={[Function]}
      />
      <div
        className="box"
        id="4-2"
        onPointerDown={[Function]}
        onPointerEnter={[Function]}
        onPointerUp={[Function]}
      />
      <div
        className="box"
        id="4-3"
        onPointerDown={[Function]}
        onPointerEnter={[Function]}
        onPointerUp={[Function]}
      />
      <div
        className="box"
        id="4-4"
        onPointerDown={[Function]}
        onPointerEnter={[Function]}
        onPointerUp={[Function]}
      />
      <div
        className="box"
        id="4-5"
        onPointerDown={[Function]}
        onPointerEnter={[Function]}
        onPointerUp={[Function]}
      />
      <div
        className="box"
        id="4-6"
        onPointerDown={[Function]}
        onPointerEnter={[Function]}
        onPointerUp={[Function]}
      />
    </div>
    <div
      className="row"
    >
      <div
        className="box"
        id="5-1"
        onPointerDown={[Function]}
        onPointerEnter={[Function]}
        onPointerUp={[Function]}
      />
      <div
        className="box"
        id="5-2"
        onPointerDown={[Function]}
        onPointerEnter={[Function]}
        onPointerUp={[Function]}
      />
      <div
        className="box"
        id="5-3"
        onPointerDown={[Function]}
        onPointerEnter={[Function]}
        onPointerUp={[Function]}
      />
      <div
        className="box"
        id="5-4"
        onPointerDown={[Function]}
        onPointerEnter={[Function]}
        onPointerUp={[Function]}
      />
      <div
        className="box"
        id="5-5"
        onPointerDown={[Function]}
        onPointerEnter={[Function]}
        onPointerUp={[Function]}
      />
      <div
        className="box"
        id="5-6"
        onPointerDown={[Function]}
        onPointerEnter={[Function]}
        onPointerUp={[Function]}
      />
    </div>
  </div>
</div>
`;
